lib/supabase.ts(3,33): error TS2339: Property 'env' does not exist on type 'ImportMeta'.
lib/supabase.ts(4,37): error TS2339: Property 'env' does not exist on type 'ImportMeta'.
services/geminiService.ts(5,50): error TS2339: Property 'env' does not exist on type 'ImportMeta'.
